cxsbfvqxubzyvxrlrits cxsbfvqxubzyvxrlrits gtgyeybbecyqokiibyxb cxsbfvqxubzyvxrlrits gtgyeybbecyqokiibyxb cxsbfvqxubzyvxrlrits cxsbfvqxubzyvxrlrits cxsbfvqxubzyvxrlrits cxsbfvqxubzyvxrlrits gtgyeybbecyqokiibyxb cxsbfvqxubzyvxrlrits cxsbfvqxubzyvxrlrits gtgyeybbecyqokiibyxb gtgyeybbecyqokiibyxb gtgyeybbecyqokiibyxb gtgyeybbecyqokiibyxb cxsbfvqxubzyvxrlrits gtgyeybbecyqokiibyxb cxsbfvqxubzyvxrlrits cxsbfvqxubzyvxrlrits
correct
