vkjvgxrpvxhlacoexmkj bwqkuttsljljhihgsvcy kzovnoqwwmzdzovrajlo ckgmpfcraxnweomwmtga kzovnoqwwmzdzovrajlo qilwjduygzpiiamazcsr kzovnoqwwmzdzovrajlo kzovnoqwwmzdzovrajlo ncnlirticvhsqdgvffez hmhakoyhtarzybfvwdro kzovnoqwwmzdzovrajlo kzovnoqwwmzdzovrajlo kzovnoqwwmzdzovrajlo kzovnoqwwmzdzovrajlo kzovnoqwwmzdzovrajlo tqnkujdmyolmpyfzcvzq ugrzgwadkifssfuxmmow njmxkumibwralpysfndx tqnkujdmyolmpyfzcvzq kzovnoqwwmzdzovrajlo
incorrect
